pytest-timeout==2.2.0
em
lark

